#! /usr/bin/vvp
:ivl_version "12.0 (stable)";
:ivl_delay_selection "TYPICAL";
:vpi_time_precision + 0;
:vpi_module "/usr/lib/x86_64-linux-gnu/ivl/system.vpi";
:vpi_module "/usr/lib/x86_64-linux-gnu/ivl/vhdl_sys.vpi";
:vpi_module "/usr/lib/x86_64-linux-gnu/ivl/vhdl_textio.vpi";
:vpi_module "/usr/lib/x86_64-linux-gnu/ivl/v2005_math.vpi";
:vpi_module "/usr/lib/x86_64-linux-gnu/ivl/va_math.vpi";
S_0x58ad3a6c9410 .scope module, "srflipflop_tb" "srflipflop_tb" 2 1;
 .timescale 0 0;
v0x58ad3a6df3f0_0 .var "clk", 0 0;
v0x58ad3a6df4b0_0 .net "q", 0 0, v0x58ad3a6def40_0;  1 drivers
v0x58ad3a6df580_0 .net "q_bar", 0 0, L_0x58ad3a6df840;  1 drivers
v0x58ad3a6df680_0 .var "r", 0 0;
v0x58ad3a6df750_0 .var "s", 0 0;
S_0x58ad3a6c95a0 .scope module, "dut" "srflipflop" 2 9, 3 1 0, S_0x58ad3a6c9410;
 .timescale 0 0;
    .port_info 0 /INPUT 1 "clk";
    .port_info 1 /INPUT 1 "rst_n";
    .port_info 2 /INPUT 1 "s";
    .port_info 3 /INPUT 1 "r";
    .port_info 4 /OUTPUT 1 "q";
    .port_info 5 /OUTPUT 1 "q_bar";
L_0x58ad3a6df840 .functor NOT 1, v0x58ad3a6def40_0, C4<0>, C4<0>, C4<0>;
v0x58ad3a68e490_0 .net "clk", 0 0, v0x58ad3a6df3f0_0;  1 drivers
v0x58ad3a6def40_0 .var "q", 0 0;
v0x58ad3a6df000_0 .net "q_bar", 0 0, L_0x58ad3a6df840;  alias, 1 drivers
v0x58ad3a6df0a0_0 .net "r", 0 0, v0x58ad3a6df680_0;  1 drivers
o0x72c0952cc0d8 .functor BUFZ 1, C4<z>; HiZ drive
v0x58ad3a6df160_0 .net "rst_n", 0 0, o0x72c0952cc0d8;  0 drivers
v0x58ad3a6df270_0 .net "s", 0 0, v0x58ad3a6df750_0;  1 drivers
E_0x58ad3a68ed90 .event posedge, v0x58ad3a68e490_0;
    .scope S_0x58ad3a6c95a0;
T_0 ;
    %wait E_0x58ad3a68ed90;
    %load/vec4 v0x58ad3a6df160_0;
    %nor/r;
    %flag_set/vec4 8;
    %jmp/0xz  T_0.0, 8;
    %pushi/vec4 0, 0, 1;
    %assign/vec4 v0x58ad3a6def40_0, 0;
    %jmp T_0.1;
T_0.0 ;
    %load/vec4 v0x58ad3a6df270_0;
    %load/vec4 v0x58ad3a6df0a0_0;
    %concat/vec4; draw_concat_vec4
    %dup/vec4;
    %pushi/vec4 0, 0, 2;
    %cmp/u;
    %jmp/1 T_0.2, 6;
    %dup/vec4;
    %pushi/vec4 1, 0, 2;
    %cmp/u;
    %jmp/1 T_0.3, 6;
    %dup/vec4;
    %pushi/vec4 2, 0, 2;
    %cmp/u;
    %jmp/1 T_0.4, 6;
    %dup/vec4;
    %pushi/vec4 3, 0, 2;
    %cmp/u;
    %jmp/1 T_0.5, 6;
    %load/vec4 v0x58ad3a6def40_0;
    %assign/vec4 v0x58ad3a6def40_0, 0;
    %jmp T_0.7;
T_0.2 ;
    %load/vec4 v0x58ad3a6def40_0;
    %assign/vec4 v0x58ad3a6def40_0, 0;
    %jmp T_0.7;
T_0.3 ;
    %pushi/vec4 0, 0, 1;
    %assign/vec4 v0x58ad3a6def40_0, 0;
    %jmp T_0.7;
T_0.4 ;
    %pushi/vec4 1, 0, 1;
    %assign/vec4 v0x58ad3a6def40_0, 0;
    %jmp T_0.7;
T_0.5 ;
    %pushi/vec4 1, 1, 1;
    %assign/vec4 v0x58ad3a6def40_0, 0;
    %jmp T_0.7;
T_0.7 ;
    %pop/vec4 1;
T_0.1 ;
    %jmp T_0;
    .thread T_0;
    .scope S_0x58ad3a6c9410;
T_1 ;
    %pushi/vec4 0, 0, 1;
    %store/vec4 v0x58ad3a6df3f0_0, 0, 1;
T_1.0 ;
    %delay 25, 0;
    %load/vec4 v0x58ad3a6df3f0_0;
    %inv;
    %store/vec4 v0x58ad3a6df3f0_0, 0, 1;
    %jmp T_1.0;
    %end;
    .thread T_1;
    .scope S_0x58ad3a6c9410;
T_2 ;
    %vpi_call 2 24 "$dumpfile", "wave.vcd" {0 0 0};
    %vpi_call 2 25 "$dumpvars", 32'sb00000000000000000000000000000000, S_0x58ad3a6c9410 {0 0 0};
    %pushi/vec4 0, 0, 1;
    %store/vec4 v0x58ad3a6df750_0, 0, 1;
    %pushi/vec4 0, 0, 1;
    %store/vec4 v0x58ad3a6df680_0, 0, 1;
    %delay 50, 0;
    %pushi/vec4 0, 0, 1;
    %store/vec4 v0x58ad3a6df750_0, 0, 1;
    %pushi/vec4 1, 0, 1;
    %store/vec4 v0x58ad3a6df680_0, 0, 1;
    %delay 50, 0;
    %pushi/vec4 1, 0, 1;
    %store/vec4 v0x58ad3a6df750_0, 0, 1;
    %pushi/vec4 0, 0, 1;
    %store/vec4 v0x58ad3a6df680_0, 0, 1;
    %delay 50, 0;
    %pushi/vec4 1, 0, 1;
    %store/vec4 v0x58ad3a6df750_0, 0, 1;
    %pushi/vec4 1, 0, 1;
    %store/vec4 v0x58ad3a6df680_0, 0, 1;
    %delay 50, 0;
    %pushi/vec4 0, 0, 1;
    %store/vec4 v0x58ad3a6df750_0, 0, 1;
    %pushi/vec4 0, 0, 1;
    %store/vec4 v0x58ad3a6df680_0, 0, 1;
    %delay 50, 0;
    %vpi_call 2 47 "$finish" {0 0 0};
    %end;
    .thread T_2;
    .scope S_0x58ad3a6c9410;
T_3 ;
    %vpi_call 2 52 "$monitor", "Time=%0t | S=%b R=%b | Q=%b Q_bar=%b", $time, v0x58ad3a6df750_0, v0x58ad3a6df680_0, v0x58ad3a6df4b0_0, v0x58ad3a6df580_0 {0 0 0};
    %end;
    .thread T_3;
# The file index is used to find the file name in the following table.
:file_names 4;
    "N/A";
    "<interactive>";
    "srflipflop_tb.v";
    "srflipflop.v";
