#! /usr/bin/vvp
:ivl_version "12.0 (stable)";
:ivl_delay_selection "TYPICAL";
:vpi_time_precision + 0;
:vpi_module "/usr/lib/x86_64-linux-gnu/ivl/system.vpi";
:vpi_module "/usr/lib/x86_64-linux-gnu/ivl/vhdl_sys.vpi";
:vpi_module "/usr/lib/x86_64-linux-gnu/ivl/vhdl_textio.vpi";
:vpi_module "/usr/lib/x86_64-linux-gnu/ivl/v2005_math.vpi";
:vpi_module "/usr/lib/x86_64-linux-gnu/ivl/va_math.vpi";
S_0x64a4b8de9c50 .scope module, "decoder_3to8_beh_tb" "decoder_3to8_beh_tb" 2 1;
 .timescale 0 0;
v0x64a4b8e00ec0_0 .var "A", 0 0;
v0x64a4b8e00f80_0 .var "B", 0 0;
v0x64a4b8e01050_0 .var "C", 0 0;
v0x64a4b8e01150_0 .var "En", 0 0;
v0x64a4b8e01220_0 .net "Y", 7 0, v0x64a4b8e00cf0_0;  1 drivers
v0x64a4b8e01310_0 .var/i "i", 31 0;
S_0x64a4b8de9de0 .scope module, "dut" "decoder_3to8_beh" 2 5, 3 1 0, S_0x64a4b8de9c50;
 .timescale 0 0;
    .port_info 0 /INPUT 1 "En";
    .port_info 1 /INPUT 1 "A";
    .port_info 2 /INPUT 1 "B";
    .port_info 3 /INPUT 1 "C";
    .port_info 4 /OUTPUT 8 "Y";
v0x64a4b8de9ff0_0 .net "A", 0 0, v0x64a4b8e00ec0_0;  1 drivers
v0x64a4b8e00aa0_0 .net "B", 0 0, v0x64a4b8e00f80_0;  1 drivers
v0x64a4b8e00b60_0 .net "C", 0 0, v0x64a4b8e01050_0;  1 drivers
v0x64a4b8e00c30_0 .net "En", 0 0, v0x64a4b8e01150_0;  1 drivers
v0x64a4b8e00cf0_0 .var "Y", 7 0;
E_0x64a4b8daeb60 .event anyedge, v0x64a4b8e00c30_0, v0x64a4b8de9ff0_0, v0x64a4b8e00aa0_0, v0x64a4b8e00b60_0;
    .scope S_0x64a4b8de9de0;
T_0 ;
    %wait E_0x64a4b8daeb60;
    %load/vec4 v0x64a4b8e00c30_0;
    %cmpi/e 0, 0, 1;
    %jmp/0xz  T_0.0, 4;
    %pushi/vec4 0, 0, 8;
    %store/vec4 v0x64a4b8e00cf0_0, 0, 8;
    %jmp T_0.1;
T_0.0 ;
    %load/vec4 v0x64a4b8de9ff0_0;
    %load/vec4 v0x64a4b8e00aa0_0;
    %concat/vec4; draw_concat_vec4
    %load/vec4 v0x64a4b8e00b60_0;
    %concat/vec4; draw_concat_vec4
    %dup/vec4;
    %pushi/vec4 0, 0, 3;
    %cmp/u;
    %jmp/1 T_0.2, 6;
    %dup/vec4;
    %pushi/vec4 1, 0, 3;
    %cmp/u;
    %jmp/1 T_0.3, 6;
    %dup/vec4;
    %pushi/vec4 2, 0, 3;
    %cmp/u;
    %jmp/1 T_0.4, 6;
    %dup/vec4;
    %pushi/vec4 3, 0, 3;
    %cmp/u;
    %jmp/1 T_0.5, 6;
    %dup/vec4;
    %pushi/vec4 4, 0, 3;
    %cmp/u;
    %jmp/1 T_0.6, 6;
    %dup/vec4;
    %pushi/vec4 5, 0, 3;
    %cmp/u;
    %jmp/1 T_0.7, 6;
    %dup/vec4;
    %pushi/vec4 6, 0, 3;
    %cmp/u;
    %jmp/1 T_0.8, 6;
    %dup/vec4;
    %pushi/vec4 7, 0, 3;
    %cmp/u;
    %jmp/1 T_0.9, 6;
    %pushi/vec4 0, 0, 8;
    %store/vec4 v0x64a4b8e00cf0_0, 0, 8;
    %jmp T_0.11;
T_0.2 ;
    %pushi/vec4 1, 0, 8;
    %store/vec4 v0x64a4b8e00cf0_0, 0, 8;
    %jmp T_0.11;
T_0.3 ;
    %pushi/vec4 2, 0, 8;
    %store/vec4 v0x64a4b8e00cf0_0, 0, 8;
    %jmp T_0.11;
T_0.4 ;
    %pushi/vec4 4, 0, 8;
    %store/vec4 v0x64a4b8e00cf0_0, 0, 8;
    %jmp T_0.11;
T_0.5 ;
    %pushi/vec4 8, 0, 8;
    %store/vec4 v0x64a4b8e00cf0_0, 0, 8;
    %jmp T_0.11;
T_0.6 ;
    %pushi/vec4 16, 0, 8;
    %store/vec4 v0x64a4b8e00cf0_0, 0, 8;
    %jmp T_0.11;
T_0.7 ;
    %pushi/vec4 32, 0, 8;
    %store/vec4 v0x64a4b8e00cf0_0, 0, 8;
    %jmp T_0.11;
T_0.8 ;
    %pushi/vec4 64, 0, 8;
    %store/vec4 v0x64a4b8e00cf0_0, 0, 8;
    %jmp T_0.11;
T_0.9 ;
    %pushi/vec4 128, 0, 8;
    %store/vec4 v0x64a4b8e00cf0_0, 0, 8;
    %jmp T_0.11;
T_0.11 ;
    %pop/vec4 1;
T_0.1 ;
    %jmp T_0;
    .thread T_0, $push;
    .scope S_0x64a4b8de9c50;
T_1 ;
    %vpi_call 2 7 "$dumpfile", "wave.vcd" {0 0 0};
    %vpi_call 2 8 "$dumpvars", 32'sb00000000000000000000000000000000, S_0x64a4b8de9c50 {0 0 0};
    %vpi_call 2 10 "$display", "Time | En | A B C | Y" {0 0 0};
    %vpi_call 2 11 "$display", "--------------------------------" {0 0 0};
    %vpi_call 2 12 "$monitor", "%4t | %b | %b %b %b | %b", $time, v0x64a4b8e01150_0, v0x64a4b8e00ec0_0, v0x64a4b8e00f80_0, v0x64a4b8e01050_0, v0x64a4b8e01220_0 {0 0 0};
    %pushi/vec4 0, 0, 1;
    %store/vec4 v0x64a4b8e01150_0, 0, 1;
    %pushi/vec4 0, 0, 1;
    %store/vec4 v0x64a4b8e00ec0_0, 0, 1;
    %pushi/vec4 0, 0, 1;
    %store/vec4 v0x64a4b8e00f80_0, 0, 1;
    %pushi/vec4 0, 0, 1;
    %store/vec4 v0x64a4b8e01050_0, 0, 1;
    %delay 10, 0;
    %pushi/vec4 1, 0, 1;
    %store/vec4 v0x64a4b8e00ec0_0, 0, 1;
    %pushi/vec4 1, 0, 1;
    %store/vec4 v0x64a4b8e00f80_0, 0, 1;
    %pushi/vec4 1, 0, 1;
    %store/vec4 v0x64a4b8e01050_0, 0, 1;
    %delay 10, 0;
    %pushi/vec4 1, 0, 1;
    %store/vec4 v0x64a4b8e01150_0, 0, 1;
    %pushi/vec4 0, 0, 32;
    %store/vec4 v0x64a4b8e01310_0, 0, 32;
T_1.0 ;
    %load/vec4 v0x64a4b8e01310_0;
    %cmpi/s 8, 0, 32;
    %jmp/0xz T_1.1, 5;
    %load/vec4 v0x64a4b8e01310_0;
    %pad/s 3;
    %split/vec4 1;
    %store/vec4 v0x64a4b8e01050_0, 0, 1;
    %split/vec4 1;
    %store/vec4 v0x64a4b8e00f80_0, 0, 1;
    %store/vec4 v0x64a4b8e00ec0_0, 0, 1;
    %delay 10, 0;
    %load/vec4 v0x64a4b8e01310_0;
    %addi 1, 0, 32;
    %store/vec4 v0x64a4b8e01310_0, 0, 32;
    %jmp T_1.0;
T_1.1 ;
    %end;
    .thread T_1;
# The file index is used to find the file name in the following table.
:file_names 4;
    "N/A";
    "<interactive>";
    "decoder3_8_tb.v";
    "decoder3_8.v";
