#! /usr/bin/vvp
:ivl_version "12.0 (stable)";
:ivl_delay_selection "TYPICAL";
:vpi_time_precision - 12;
:vpi_module "/usr/lib/x86_64-linux-gnu/ivl/system.vpi";
:vpi_module "/usr/lib/x86_64-linux-gnu/ivl/vhdl_sys.vpi";
:vpi_module "/usr/lib/x86_64-linux-gnu/ivl/vhdl_textio.vpi";
:vpi_module "/usr/lib/x86_64-linux-gnu/ivl/v2005_math.vpi";
:vpi_module "/usr/lib/x86_64-linux-gnu/ivl/va_math.vpi";
S_0x5f35e6f32200 .scope module, "mux2_1_tb" "mux2_1_tb" 2 2;
 .timescale -9 -12;
v0x5f35e6f499f0_0 .var "h1", 0 0;
v0x5f35e6f49ab0_0 .var "h2", 0 0;
v0x5f35e6f49b50_0 .var "h3", 0 0;
v0x5f35e6f49bf0_0 .net "z", 0 0, L_0x5f35e6f49f80;  1 drivers
S_0x5f35e6f32390 .scope module, "dut" "mux2_1" 2 5, 3 1 0, S_0x5f35e6f32200;
 .timescale 0 0;
    .port_info 0 /INPUT 1 "s";
    .port_info 1 /INPUT 1 "i0";
    .port_info 2 /INPUT 1 "i1";
    .port_info 3 /OUTPUT 1 "y";
L_0x5f35e6f49cc0 .functor NOT 1, v0x5f35e6f499f0_0, C4<0>, C4<0>, C4<0>;
L_0x5f35e6f49db0 .functor AND 1, L_0x5f35e6f49cc0, v0x5f35e6f49ab0_0, C4<1>, C4<1>;
L_0x5f35e6f49ec0 .functor AND 1, v0x5f35e6f499f0_0, v0x5f35e6f49b50_0, C4<1>, C4<1>;
L_0x5f35e6f49f80 .functor OR 1, L_0x5f35e6f49db0, L_0x5f35e6f49ec0, C4<0>, C4<0>;
v0x5f35e6f32590_0 .net "i0", 0 0, v0x5f35e6f49ab0_0;  1 drivers
v0x5f35e6f494c0_0 .net "i1", 0 0, v0x5f35e6f49b50_0;  1 drivers
v0x5f35e6f49580_0 .net "s", 0 0, v0x5f35e6f499f0_0;  1 drivers
v0x5f35e6f49620_0 .net "w1", 0 0, L_0x5f35e6f49cc0;  1 drivers
v0x5f35e6f496e0_0 .net "w2", 0 0, L_0x5f35e6f49db0;  1 drivers
v0x5f35e6f497f0_0 .net "w3", 0 0, L_0x5f35e6f49ec0;  1 drivers
v0x5f35e6f498b0_0 .net "y", 0 0, L_0x5f35e6f49f80;  alias, 1 drivers
    .scope S_0x5f35e6f32200;
T_0 ;
    %vpi_call 2 7 "$dumpfile", "wave.vcd" {0 0 0};
    %vpi_call 2 8 "$dumpvars", 32'sb00000000000000000000000000000000, S_0x5f35e6f32200 {0 0 0};
    %delay 10000, 0;
    %pushi/vec4 0, 0, 1;
    %store/vec4 v0x5f35e6f499f0_0, 0, 1;
    %pushi/vec4 0, 0, 1;
    %store/vec4 v0x5f35e6f49ab0_0, 0, 1;
    %pushi/vec4 0, 0, 1;
    %store/vec4 v0x5f35e6f49b50_0, 0, 1;
    %delay 10000, 0;
    %pushi/vec4 0, 0, 1;
    %store/vec4 v0x5f35e6f499f0_0, 0, 1;
    %pushi/vec4 0, 0, 1;
    %store/vec4 v0x5f35e6f49ab0_0, 0, 1;
    %pushi/vec4 1, 0, 1;
    %store/vec4 v0x5f35e6f49b50_0, 0, 1;
    %delay 10000, 0;
    %pushi/vec4 0, 0, 1;
    %store/vec4 v0x5f35e6f499f0_0, 0, 1;
    %pushi/vec4 1, 0, 1;
    %store/vec4 v0x5f35e6f49ab0_0, 0, 1;
    %pushi/vec4 0, 0, 1;
    %store/vec4 v0x5f35e6f49b50_0, 0, 1;
    %delay 10000, 0;
    %pushi/vec4 0, 0, 1;
    %store/vec4 v0x5f35e6f499f0_0, 0, 1;
    %pushi/vec4 1, 0, 1;
    %store/vec4 v0x5f35e6f49ab0_0, 0, 1;
    %pushi/vec4 1, 0, 1;
    %store/vec4 v0x5f35e6f49b50_0, 0, 1;
    %delay 10000, 0;
    %pushi/vec4 1, 0, 1;
    %store/vec4 v0x5f35e6f499f0_0, 0, 1;
    %pushi/vec4 0, 0, 1;
    %store/vec4 v0x5f35e6f49ab0_0, 0, 1;
    %pushi/vec4 0, 0, 1;
    %store/vec4 v0x5f35e6f49b50_0, 0, 1;
    %delay 10000, 0;
    %pushi/vec4 1, 0, 1;
    %store/vec4 v0x5f35e6f499f0_0, 0, 1;
    %pushi/vec4 0, 0, 1;
    %store/vec4 v0x5f35e6f49ab0_0, 0, 1;
    %pushi/vec4 1, 0, 1;
    %store/vec4 v0x5f35e6f49b50_0, 0, 1;
    %delay 10000, 0;
    %pushi/vec4 1, 0, 1;
    %store/vec4 v0x5f35e6f499f0_0, 0, 1;
    %pushi/vec4 1, 0, 1;
    %store/vec4 v0x5f35e6f49ab0_0, 0, 1;
    %pushi/vec4 0, 0, 1;
    %store/vec4 v0x5f35e6f49b50_0, 0, 1;
    %delay 10000, 0;
    %pushi/vec4 1, 0, 1;
    %store/vec4 v0x5f35e6f499f0_0, 0, 1;
    %pushi/vec4 1, 0, 1;
    %store/vec4 v0x5f35e6f49ab0_0, 0, 1;
    %pushi/vec4 1, 0, 1;
    %store/vec4 v0x5f35e6f49b50_0, 0, 1;
    %delay 20000, 0;
    %vpi_call 2 17 "$finish" {0 0 0};
    %end;
    .thread T_0;
    .scope S_0x5f35e6f32200;
T_1 ;
    %vpi_call 2 20 "$monitor", $time, "h1=%b, h2=%b, h3=%b,z=%b", v0x5f35e6f499f0_0, v0x5f35e6f49ab0_0, v0x5f35e6f49b50_0, v0x5f35e6f49bf0_0 {0 0 0};
    %end;
    .thread T_1;
# The file index is used to find the file name in the following table.
:file_names 4;
    "N/A";
    "<interactive>";
    "mux2_1_tb.v";
    "mux2_1.v";
