#! /usr/bin/vvp
:ivl_version "12.0 (stable)";
:ivl_delay_selection "TYPICAL";
:vpi_time_precision - 12;
:vpi_module "/usr/lib/x86_64-linux-gnu/ivl/system.vpi";
:vpi_module "/usr/lib/x86_64-linux-gnu/ivl/vhdl_sys.vpi";
:vpi_module "/usr/lib/x86_64-linux-gnu/ivl/vhdl_textio.vpi";
:vpi_module "/usr/lib/x86_64-linux-gnu/ivl/v2005_math.vpi";
:vpi_module "/usr/lib/x86_64-linux-gnu/ivl/va_math.vpi";
S_0x5d108fbc05b0 .scope module, "dflipflop_tb" "dflipflop_tb" 2 2;
 .timescale -9 -12;
v0x5d108fbd4ba0_0 .var "clk1", 0 0;
v0x5d108fbd4c60_0 .var "d1", 0 0;
v0x5d108fbd4d30_0 .net "q1", 0 0, L_0x5d108fbd5170;  1 drivers
v0x5d108fbd4e30_0 .net "q2", 0 0, L_0x5d108fbd5300;  1 drivers
S_0x5d108fbc0740 .scope module, "dut" "dflipflop" 2 5, 3 1 0, S_0x5d108fbc05b0;
 .timescale 0 0;
    .port_info 0 /INPUT 1 "d";
    .port_info 1 /INPUT 1 "clk";
    .port_info 2 /OUTPUT 1 "q";
    .port_info 3 /OUTPUT 1 "qbar";
L_0x5d108fbd4f00 .functor NOT 1, v0x5d108fbd4c60_0, C4<0>, C4<0>, C4<0>;
L_0x5d108fbd4ff0 .functor NAND 1, v0x5d108fbd4c60_0, v0x5d108fbd4ba0_0, C4<1>, C4<1>;
L_0x5d108fbd50b0 .functor NAND 1, L_0x5d108fbd4f00, v0x5d108fbd4ba0_0, C4<1>, C4<1>;
L_0x5d108fbd5170 .functor NAND 1, L_0x5d108fbd4ff0, L_0x5d108fbd5300, C4<1>, C4<1>;
L_0x5d108fbd5300 .functor NAND 1, L_0x5d108fbd50b0, L_0x5d108fbd5170, C4<1>, C4<1>;
v0x5d108fbc0d90_0 .net "a1", 0 0, L_0x5d108fbd4ff0;  1 drivers
v0x5d108fbd4670_0 .net "a2", 0 0, L_0x5d108fbd50b0;  1 drivers
v0x5d108fbd4730_0 .net "clk", 0 0, v0x5d108fbd4ba0_0;  1 drivers
v0x5d108fbd47d0_0 .net "d", 0 0, v0x5d108fbd4c60_0;  1 drivers
v0x5d108fbd4890_0 .net "dbar", 0 0, L_0x5d108fbd4f00;  1 drivers
v0x5d108fbd49a0_0 .net "q", 0 0, L_0x5d108fbd5170;  alias, 1 drivers
v0x5d108fbd4a60_0 .net "qbar", 0 0, L_0x5d108fbd5300;  alias, 1 drivers
    .scope S_0x5d108fbc05b0;
T_0 ;
    %vpi_call 2 7 "$dumpfile", "wave.vcd" {0 0 0};
    %vpi_call 2 8 "$dumpvars", 32'sb00000000000000000000000000000000, S_0x5d108fbc05b0 {0 0 0};
    %pushi/vec4 0, 0, 1;
    %store/vec4 v0x5d108fbd4c60_0, 0, 1;
    %pushi/vec4 0, 0, 1;
    %store/vec4 v0x5d108fbd4ba0_0, 0, 1;
    %delay 10000, 0;
    %pushi/vec4 1, 0, 1;
    %store/vec4 v0x5d108fbd4ba0_0, 0, 1;
    %delay 10000, 0;
    %pushi/vec4 1, 0, 1;
    %store/vec4 v0x5d108fbd4c60_0, 0, 1;
    %delay 10000, 0;
    %pushi/vec4 0, 0, 1;
    %store/vec4 v0x5d108fbd4c60_0, 0, 1;
    %delay 10000, 0;
    %pushi/vec4 0, 0, 1;
    %store/vec4 v0x5d108fbd4ba0_0, 0, 1;
    %delay 10000, 0;
    %pushi/vec4 1, 0, 1;
    %store/vec4 v0x5d108fbd4c60_0, 0, 1;
    %delay 10000, 0;
    %pushi/vec4 0, 0, 1;
    %store/vec4 v0x5d108fbd4c60_0, 0, 1;
    %delay 10000, 0;
    %pushi/vec4 1, 0, 1;
    %store/vec4 v0x5d108fbd4ba0_0, 0, 1;
    %delay 20000, 0;
    %vpi_call 2 20 "$finish" {0 0 0};
    %end;
    .thread T_0;
    .scope S_0x5d108fbc05b0;
T_1 ;
    %vpi_call 2 23 "$monitor", $time, "d1=%b, clk1=%b, q1=%b, q2=%b", v0x5d108fbd4c60_0, v0x5d108fbd4ba0_0, v0x5d108fbd4d30_0, v0x5d108fbd4e30_0 {0 0 0};
    %end;
    .thread T_1;
# The file index is used to find the file name in the following table.
:file_names 4;
    "N/A";
    "<interactive>";
    "dflipflop_tb.v";
    "dflipflop.v";
