#! /usr/bin/vvp
:ivl_version "12.0 (stable)";
:ivl_delay_selection "TYPICAL";
:vpi_time_precision - 12;
:vpi_module "/usr/lib/x86_64-linux-gnu/ivl/system.vpi";
:vpi_module "/usr/lib/x86_64-linux-gnu/ivl/vhdl_sys.vpi";
:vpi_module "/usr/lib/x86_64-linux-gnu/ivl/vhdl_textio.vpi";
:vpi_module "/usr/lib/x86_64-linux-gnu/ivl/v2005_math.vpi";
:vpi_module "/usr/lib/x86_64-linux-gnu/ivl/va_math.vpi";
S_0x6196e7ec1ba0 .scope module, "mux4_2_tb" "mux4_2_tb" 2 2;
 .timescale -9 -12;
v0x6196e7eda8b0_0 .var "h1", 0 0;
v0x6196e7eda970_0 .var "h2", 0 0;
v0x6196e7edaa10_0 .var "h3", 0 0;
v0x6196e7edaab0_0 .var "h4", 0 0;
v0x6196e7edab50_0 .var "h5", 0 0;
v0x6196e7edabf0_0 .var "h6", 0 0;
v0x6196e7edacc0_0 .var/i "i", 31 0;
v0x6196e7edad60_0 .net "z", 0 0, L_0x6196e7edb940;  1 drivers
S_0x6196e7ec1d30 .scope module, "dut" "mux4_2" 2 6, 3 1 0, S_0x6196e7ec1ba0;
 .timescale 0 0;
    .port_info 0 /INPUT 1 "s0";
    .port_info 1 /INPUT 1 "s1";
    .port_info 2 /INPUT 1 "i0";
    .port_info 3 /INPUT 1 "i1";
    .port_info 4 /INPUT 1 "i2";
    .port_info 5 /INPUT 1 "i3";
    .port_info 6 /OUTPUT 1 "y";
L_0x6196e7edae30 .functor NOT 1, v0x6196e7eda8b0_0, C4<0>, C4<0>, C4<0>;
L_0x6196e7edaf20 .functor NOT 1, v0x6196e7eda970_0, C4<0>, C4<0>, C4<0>;
L_0x6196e7edafe0 .functor AND 1, L_0x6196e7edae30, L_0x6196e7edaf20, C4<1>, C4<1>;
L_0x6196e7edb0f0 .functor AND 1, L_0x6196e7edafe0, v0x6196e7edaa10_0, C4<1>, C4<1>;
L_0x6196e7edb230 .functor AND 1, L_0x6196e7edaf20, v0x6196e7eda8b0_0, C4<1>, C4<1>;
L_0x6196e7edb2a0 .functor AND 1, L_0x6196e7edb230, v0x6196e7edaab0_0, C4<1>, C4<1>;
L_0x6196e7edb3f0 .functor AND 1, L_0x6196e7edae30, v0x6196e7eda970_0, C4<1>, C4<1>;
L_0x6196e7edb460 .functor AND 1, L_0x6196e7edb3f0, v0x6196e7edab50_0, C4<1>, C4<1>;
L_0x6196e7edb5c0 .functor AND 1, v0x6196e7eda8b0_0, v0x6196e7eda970_0, C4<1>, C4<1>;
L_0x6196e7edb630 .functor AND 1, L_0x6196e7edb5c0, v0x6196e7edabf0_0, C4<1>, C4<1>;
L_0x6196e7edb700 .functor OR 1, L_0x6196e7edb0f0, L_0x6196e7edb2a0, C4<0>, C4<0>;
L_0x6196e7edb7c0 .functor OR 1, L_0x6196e7edb700, L_0x6196e7edb460, C4<0>, C4<0>;
L_0x6196e7edb940 .functor OR 1, L_0x6196e7edb7c0, L_0x6196e7edb630, C4<0>, C4<0>;
v0x6196e7ec2500_0 .net *"_ivl_12", 0 0, L_0x6196e7edb3f0;  1 drivers
v0x6196e7ed9980_0 .net *"_ivl_16", 0 0, L_0x6196e7edb5c0;  1 drivers
v0x6196e7ed9a60_0 .net *"_ivl_20", 0 0, L_0x6196e7edb700;  1 drivers
v0x6196e7ed9b20_0 .net *"_ivl_22", 0 0, L_0x6196e7edb7c0;  1 drivers
v0x6196e7ed9c00_0 .net *"_ivl_4", 0 0, L_0x6196e7edafe0;  1 drivers
v0x6196e7ed9d30_0 .net *"_ivl_8", 0 0, L_0x6196e7edb230;  1 drivers
v0x6196e7ed9e10_0 .net "i0", 0 0, v0x6196e7edaa10_0;  1 drivers
v0x6196e7ed9ed0_0 .net "i1", 0 0, v0x6196e7edaab0_0;  1 drivers
v0x6196e7ed9f90_0 .net "i2", 0 0, v0x6196e7edab50_0;  1 drivers
v0x6196e7eda050_0 .net "i3", 0 0, v0x6196e7edabf0_0;  1 drivers
v0x6196e7eda110_0 .net "s0", 0 0, v0x6196e7eda8b0_0;  1 drivers
v0x6196e7eda1d0_0 .net "s1", 0 0, v0x6196e7eda970_0;  1 drivers
v0x6196e7eda290_0 .net "w1", 0 0, L_0x6196e7edae30;  1 drivers
v0x6196e7eda350_0 .net "w2", 0 0, L_0x6196e7edaf20;  1 drivers
v0x6196e7eda410_0 .net "w3", 0 0, L_0x6196e7edb0f0;  1 drivers
v0x6196e7eda4d0_0 .net "w4", 0 0, L_0x6196e7edb2a0;  1 drivers
v0x6196e7eda590_0 .net "w5", 0 0, L_0x6196e7edb460;  1 drivers
v0x6196e7eda650_0 .net "w6", 0 0, L_0x6196e7edb630;  1 drivers
v0x6196e7eda710_0 .net "y", 0 0, L_0x6196e7edb940;  alias, 1 drivers
    .scope S_0x6196e7ec1ba0;
T_0 ;
    %vpi_call 2 8 "$dumpfile", "wave.vcd" {0 0 0};
    %vpi_call 2 9 "$dumpvars", 32'sb00000000000000000000000000000000, S_0x6196e7ec1ba0 {0 0 0};
    %pushi/vec4 0, 0, 32;
    %store/vec4 v0x6196e7edacc0_0, 0, 32;
T_0.0 ;
    %load/vec4 v0x6196e7edacc0_0;
    %cmpi/s 64, 0, 32;
    %jmp/0xz T_0.1, 5;
    %delay 10000, 0;
    %load/vec4 v0x6196e7edacc0_0;
    %parti/s 6, 0, 2;
    %split/vec4 1;
    %store/vec4 v0x6196e7edabf0_0, 0, 1;
    %split/vec4 1;
    %store/vec4 v0x6196e7edab50_0, 0, 1;
    %split/vec4 1;
    %store/vec4 v0x6196e7edaab0_0, 0, 1;
    %split/vec4 1;
    %store/vec4 v0x6196e7edaa10_0, 0, 1;
    %split/vec4 1;
    %store/vec4 v0x6196e7eda970_0, 0, 1;
    %store/vec4 v0x6196e7eda8b0_0, 0, 1;
    %load/vec4 v0x6196e7edacc0_0;
    %addi 1, 0, 32;
    %store/vec4 v0x6196e7edacc0_0, 0, 32;
    %jmp T_0.0;
T_0.1 ;
    %delay 20000, 0;
    %vpi_call 2 13 "$finish" {0 0 0};
    %end;
    .thread T_0;
    .scope S_0x6196e7ec1ba0;
T_1 ;
    %vpi_call 2 16 "$monitor", $time, "h1=%b, h2=%b, h3=%b,h4=%b, h5=%b, h6=%b ,z=%b", v0x6196e7eda8b0_0, v0x6196e7eda970_0, v0x6196e7edaa10_0, v0x6196e7edaab0_0, v0x6196e7edab50_0, v0x6196e7edabf0_0, v0x6196e7edad60_0 {0 0 0};
    %end;
    .thread T_1;
# The file index is used to find the file name in the following table.
:file_names 4;
    "N/A";
    "<interactive>";
    "mux4_2_tb.v";
    "mux4_2.v";
