#! /usr/bin/vvp
:ivl_version "12.0 (stable)";
:ivl_delay_selection "TYPICAL";
:vpi_time_precision + 0;
:vpi_module "/usr/lib/x86_64-linux-gnu/ivl/system.vpi";
:vpi_module "/usr/lib/x86_64-linux-gnu/ivl/vhdl_sys.vpi";
:vpi_module "/usr/lib/x86_64-linux-gnu/ivl/vhdl_textio.vpi";
:vpi_module "/usr/lib/x86_64-linux-gnu/ivl/v2005_math.vpi";
:vpi_module "/usr/lib/x86_64-linux-gnu/ivl/va_math.vpi";
S_0x5c2cb0674a50 .scope module, "Encoder8to3_tb" "Encoder8to3_tb" 2 1;
 .timescale 0 0;
v0x5c2cb068ce50_0 .var "I", 7 0;
v0x5c2cb068cf10_0 .net "Y", 2 0, L_0x5c2cb068dc80;  1 drivers
S_0x5c2cb0674be0 .scope module, "dut" "Encoder8to3" 2 4, 3 1 0, S_0x5c2cb0674a50;
 .timescale 0 0;
    .port_info 0 /INPUT 8 "I";
    .port_info 1 /OUTPUT 3 "Y";
L_0x5c2cb068d150 .functor OR 1, L_0x5c2cb068cfe0, L_0x5c2cb068d0b0, C4<0>, C4<0>;
L_0x5c2cb068d330 .functor OR 1, L_0x5c2cb068d150, L_0x5c2cb068d290, C4<0>, C4<0>;
L_0x5c2cb068d4c0 .functor OR 1, L_0x5c2cb068d330, L_0x5c2cb068d3f0, C4<0>, C4<0>;
L_0x5c2cb068d750 .functor OR 1, L_0x5c2cb068d5d0, L_0x5c2cb068d670, C4<0>, C4<0>;
L_0x5c2cb068d930 .functor OR 1, L_0x5c2cb068d750, L_0x5c2cb068d890, C4<0>, C4<0>;
L_0x5c2cb068db30 .functor OR 1, L_0x5c2cb068d930, L_0x5c2cb068da40, C4<0>, C4<0>;
L_0x5c2cb068dfb0 .functor OR 1, L_0x5c2cb068de10, L_0x5c2cb068df10, C4<0>, C4<0>;
L_0x5c2cb068e180 .functor OR 1, L_0x5c2cb068dfb0, L_0x5c2cb068e070, C4<0>, C4<0>;
L_0x5c2cb068e380 .functor OR 1, L_0x5c2cb068e180, L_0x5c2cb068e2e0, C4<0>, C4<0>;
v0x5c2cb0674dc0_0 .net "I", 7 0, v0x5c2cb068ce50_0;  1 drivers
v0x5c2cb068ba80_0 .net "Y", 2 0, L_0x5c2cb068dc80;  alias, 1 drivers
v0x5c2cb068bb60_0 .net *"_ivl_10", 0 0, L_0x5c2cb068d330;  1 drivers
v0x5c2cb068bc20_0 .net *"_ivl_13", 0 0, L_0x5c2cb068d3f0;  1 drivers
v0x5c2cb068bd00_0 .net *"_ivl_14", 0 0, L_0x5c2cb068d4c0;  1 drivers
v0x5c2cb068be30_0 .net *"_ivl_19", 0 0, L_0x5c2cb068d5d0;  1 drivers
v0x5c2cb068bf10_0 .net *"_ivl_21", 0 0, L_0x5c2cb068d670;  1 drivers
v0x5c2cb068bff0_0 .net *"_ivl_22", 0 0, L_0x5c2cb068d750;  1 drivers
v0x5c2cb068c0d0_0 .net *"_ivl_25", 0 0, L_0x5c2cb068d890;  1 drivers
v0x5c2cb068c1b0_0 .net *"_ivl_26", 0 0, L_0x5c2cb068d930;  1 drivers
v0x5c2cb068c290_0 .net *"_ivl_29", 0 0, L_0x5c2cb068da40;  1 drivers
v0x5c2cb068c370_0 .net *"_ivl_3", 0 0, L_0x5c2cb068cfe0;  1 drivers
v0x5c2cb068c450_0 .net *"_ivl_30", 0 0, L_0x5c2cb068db30;  1 drivers
v0x5c2cb068c530_0 .net *"_ivl_36", 0 0, L_0x5c2cb068de10;  1 drivers
v0x5c2cb068c610_0 .net *"_ivl_38", 0 0, L_0x5c2cb068df10;  1 drivers
v0x5c2cb068c6f0_0 .net *"_ivl_39", 0 0, L_0x5c2cb068dfb0;  1 drivers
v0x5c2cb068c7d0_0 .net *"_ivl_42", 0 0, L_0x5c2cb068e070;  1 drivers
v0x5c2cb068c8b0_0 .net *"_ivl_43", 0 0, L_0x5c2cb068e180;  1 drivers
v0x5c2cb068c990_0 .net *"_ivl_46", 0 0, L_0x5c2cb068e2e0;  1 drivers
v0x5c2cb068ca70_0 .net *"_ivl_47", 0 0, L_0x5c2cb068e380;  1 drivers
v0x5c2cb068cb50_0 .net *"_ivl_5", 0 0, L_0x5c2cb068d0b0;  1 drivers
v0x5c2cb068cc30_0 .net *"_ivl_6", 0 0, L_0x5c2cb068d150;  1 drivers
v0x5c2cb068cd10_0 .net *"_ivl_9", 0 0, L_0x5c2cb068d290;  1 drivers
L_0x5c2cb068cfe0 .part v0x5c2cb068ce50_0, 1, 1;
L_0x5c2cb068d0b0 .part v0x5c2cb068ce50_0, 3, 1;
L_0x5c2cb068d290 .part v0x5c2cb068ce50_0, 5, 1;
L_0x5c2cb068d3f0 .part v0x5c2cb068ce50_0, 7, 1;
L_0x5c2cb068d5d0 .part v0x5c2cb068ce50_0, 2, 1;
L_0x5c2cb068d670 .part v0x5c2cb068ce50_0, 3, 1;
L_0x5c2cb068d890 .part v0x5c2cb068ce50_0, 6, 1;
L_0x5c2cb068da40 .part v0x5c2cb068ce50_0, 7, 1;
L_0x5c2cb068dc80 .concat8 [ 1 1 1 0], L_0x5c2cb068d4c0, L_0x5c2cb068db30, L_0x5c2cb068e380;
L_0x5c2cb068de10 .part v0x5c2cb068ce50_0, 4, 1;
L_0x5c2cb068df10 .part v0x5c2cb068ce50_0, 5, 1;
L_0x5c2cb068e070 .part v0x5c2cb068ce50_0, 6, 1;
L_0x5c2cb068e2e0 .part v0x5c2cb068ce50_0, 7, 1;
    .scope S_0x5c2cb0674a50;
T_0 ;
    %vpi_call 2 6 "$dumpfile", "wave.vcd" {0 0 0};
    %vpi_call 2 7 "$dumpvars", 32'sb00000000000000000000000000000000, S_0x5c2cb0674a50 {0 0 0};
    %pushi/vec4 0, 0, 8;
    %store/vec4 v0x5c2cb068ce50_0, 0, 8;
    %delay 10, 0;
    %pushi/vec4 2, 0, 8;
    %store/vec4 v0x5c2cb068ce50_0, 0, 8;
    %delay 10, 0;
    %pushi/vec4 4, 0, 8;
    %store/vec4 v0x5c2cb068ce50_0, 0, 8;
    %delay 10, 0;
    %pushi/vec4 8, 0, 8;
    %store/vec4 v0x5c2cb068ce50_0, 0, 8;
    %delay 10, 0;
    %pushi/vec4 16, 0, 8;
    %store/vec4 v0x5c2cb068ce50_0, 0, 8;
    %delay 10, 0;
    %pushi/vec4 32, 0, 8;
    %store/vec4 v0x5c2cb068ce50_0, 0, 8;
    %delay 10, 0;
    %pushi/vec4 64, 0, 8;
    %store/vec4 v0x5c2cb068ce50_0, 0, 8;
    %delay 10, 0;
    %pushi/vec4 128, 0, 8;
    %store/vec4 v0x5c2cb068ce50_0, 0, 8;
    %delay 10, 0;
    %end;
    .thread T_0;
# The file index is used to find the file name in the following table.
:file_names 4;
    "N/A";
    "<interactive>";
    "Encoder8to3_tb.v";
    "Encoder8to3.v";
