#! /usr/bin/vvp
:ivl_version "12.0 (stable)";
:ivl_delay_selection "TYPICAL";
:vpi_time_precision - 12;
:vpi_module "/usr/lib/x86_64-linux-gnu/ivl/system.vpi";
:vpi_module "/usr/lib/x86_64-linux-gnu/ivl/vhdl_sys.vpi";
:vpi_module "/usr/lib/x86_64-linux-gnu/ivl/vhdl_textio.vpi";
:vpi_module "/usr/lib/x86_64-linux-gnu/ivl/v2005_math.vpi";
:vpi_module "/usr/lib/x86_64-linux-gnu/ivl/va_math.vpi";
S_0x600c58181ef0 .scope module, "mux8_1_tb" "mux8_1_tb" 2 2;
 .timescale -9 -12;
v0x600c581ad5a0_0 .var "h1", 0 0;
v0x600c581ad660_0 .var "h10", 0 0;
v0x600c581ad700_0 .var "h11", 0 0;
v0x600c581ad7d0_0 .var "h2", 0 0;
v0x600c581ad8a0_0 .var "h3", 0 0;
v0x600c581ad940_0 .var "h4", 0 0;
v0x600c581ada10_0 .var "h5", 0 0;
v0x600c581adae0_0 .var "h6", 0 0;
v0x600c581adbb0_0 .var "h7", 0 0;
v0x600c581adc80_0 .var "h8", 0 0;
v0x600c581add50_0 .var "h9", 0 0;
v0x600c581ade20_0 .var/i "i", 31 0;
v0x600c581adec0_0 .net "z", 0 0, L_0x600c581aebb0;  1 drivers
S_0x600c58182080 .scope module, "dut" "mux8_1" 2 6, 3 1 0, S_0x600c58181ef0;
 .timescale 0 0;
    .port_info 0 /INPUT 1 "s0";
    .port_info 1 /INPUT 1 "s1";
    .port_info 2 /INPUT 1 "s2";
    .port_info 3 /INPUT 1 "i0";
    .port_info 4 /INPUT 1 "i1";
    .port_info 5 /INPUT 1 "i2";
    .port_info 6 /INPUT 1 "i3";
    .port_info 7 /INPUT 1 "i4";
    .port_info 8 /INPUT 1 "i5";
    .port_info 9 /INPUT 1 "i6";
    .port_info 10 /INPUT 1 "i7";
    .port_info 11 /OUTPUT 1 "y";
L_0x600c5818f3f0 .functor NOT 1, v0x600c581ad5a0_0, C4<0>, C4<0>, C4<0>;
L_0x600c581adfc0 .functor NOT 1, v0x600c581ad7d0_0, C4<0>, C4<0>, C4<0>;
L_0x600c581ae080 .functor NOT 1, v0x600c581ad8a0_0, C4<0>, C4<0>, C4<0>;
L_0x600c581ae140 .functor AND 1, L_0x600c5818f3f0, L_0x600c581adfc0, L_0x600c581ae080, C4<1>;
L_0x600c581ae300 .functor AND 1, L_0x600c5818f3f0, L_0x600c581adfc0, v0x600c581ad8a0_0, C4<1>;
L_0x600c581ae370 .functor AND 1, L_0x600c5818f3f0, v0x600c581ad7d0_0, L_0x600c581ae080, C4<1>;
L_0x600c581ae450 .functor AND 1, L_0x600c5818f3f0, v0x600c581ad7d0_0, v0x600c581ad8a0_0, C4<1>;
L_0x600c581ae610 .functor AND 1, v0x600c581ad5a0_0, L_0x600c581adfc0, L_0x600c581ae080, C4<1>;
L_0x600c581ae850 .functor AND 1, v0x600c581ad5a0_0, L_0x600c581adfc0, v0x600c581ad8a0_0, C4<1>;
L_0x600c581ae9b0 .functor AND 1, v0x600c581ad5a0_0, v0x600c581ad7d0_0, L_0x600c581ae080, C4<1>;
L_0x600c581aeae0 .functor AND 1, v0x600c581ad5a0_0, v0x600c581ad7d0_0, v0x600c581ad8a0_0, C4<1>;
L_0x600c581aebb0/0/0 .functor OR 1, L_0x600c581ae140, L_0x600c581ae300, L_0x600c581ae370, L_0x600c581ae450;
L_0x600c581aebb0/0/4 .functor OR 1, L_0x600c581ae610, L_0x600c581ae850, L_0x600c581ae9b0, L_0x600c581aeae0;
L_0x600c581aebb0 .functor OR 1, L_0x600c581aebb0/0/0, L_0x600c581aebb0/0/4, C4<0>, C4<0>;
v0x600c5818f540_0 .net "i0", 0 0, v0x600c581ad940_0;  1 drivers
v0x600c581ac300_0 .net "i1", 0 0, v0x600c581ada10_0;  1 drivers
v0x600c581ac3c0_0 .net "i2", 0 0, v0x600c581adae0_0;  1 drivers
v0x600c581ac460_0 .net "i3", 0 0, v0x600c581adbb0_0;  1 drivers
v0x600c581ac520_0 .net "i4", 0 0, v0x600c581adc80_0;  1 drivers
v0x600c581ac630_0 .net "i5", 0 0, v0x600c581add50_0;  1 drivers
v0x600c581ac6f0_0 .net "i6", 0 0, v0x600c581ad660_0;  1 drivers
v0x600c581ac7b0_0 .net "i7", 0 0, v0x600c581ad700_0;  1 drivers
v0x600c581ac870_0 .net "s0", 0 0, v0x600c581ad5a0_0;  1 drivers
v0x600c581ac930_0 .net "s1", 0 0, v0x600c581ad7d0_0;  1 drivers
v0x600c581ac9f0_0 .net "s2", 0 0, v0x600c581ad8a0_0;  1 drivers
v0x600c581acab0_0 .net "w1", 0 0, L_0x600c5818f3f0;  1 drivers
v0x600c581acb70_0 .net "w10", 0 0, L_0x600c581ae9b0;  1 drivers
v0x600c581acc30_0 .net "w11", 0 0, L_0x600c581aeae0;  1 drivers
v0x600c581accf0_0 .net "w2", 0 0, L_0x600c581adfc0;  1 drivers
v0x600c581acdb0_0 .net "w3", 0 0, L_0x600c581ae080;  1 drivers
v0x600c581ace70_0 .net "w4", 0 0, L_0x600c581ae140;  1 drivers
v0x600c581acf30_0 .net "w5", 0 0, L_0x600c581ae300;  1 drivers
v0x600c581acff0_0 .net "w6", 0 0, L_0x600c581ae370;  1 drivers
v0x600c581ad0b0_0 .net "w7", 0 0, L_0x600c581ae450;  1 drivers
v0x600c581ad170_0 .net "w8", 0 0, L_0x600c581ae610;  1 drivers
v0x600c581ad230_0 .net "w9", 0 0, L_0x600c581ae850;  1 drivers
v0x600c581ad2f0_0 .net "y", 0 0, L_0x600c581aebb0;  alias, 1 drivers
    .scope S_0x600c58181ef0;
T_0 ;
    %vpi_call 2 8 "$dumpfile", "wave.vcd" {0 0 0};
    %vpi_call 2 9 "$dumpvars", 32'sb00000000000000000000000000000000, S_0x600c58181ef0 {0 0 0};
    %pushi/vec4 0, 0, 32;
    %store/vec4 v0x600c581ade20_0, 0, 32;
T_0.0 ;
    %load/vec4 v0x600c581ade20_0;
    %cmpi/s 2048, 0, 32;
    %jmp/0xz T_0.1, 5;
    %delay 10000, 0;
    %load/vec4 v0x600c581ade20_0;
    %parti/s 11, 0, 2;
    %split/vec4 1;
    %store/vec4 v0x600c581ad700_0, 0, 1;
    %split/vec4 1;
    %store/vec4 v0x600c581ad660_0, 0, 1;
    %split/vec4 1;
    %store/vec4 v0x600c581add50_0, 0, 1;
    %split/vec4 1;
    %store/vec4 v0x600c581adc80_0, 0, 1;
    %split/vec4 1;
    %store/vec4 v0x600c581adbb0_0, 0, 1;
    %split/vec4 1;
    %store/vec4 v0x600c581adae0_0, 0, 1;
    %split/vec4 1;
    %store/vec4 v0x600c581ada10_0, 0, 1;
    %split/vec4 1;
    %store/vec4 v0x600c581ad940_0, 0, 1;
    %split/vec4 1;
    %store/vec4 v0x600c581ad8a0_0, 0, 1;
    %split/vec4 1;
    %store/vec4 v0x600c581ad7d0_0, 0, 1;
    %store/vec4 v0x600c581ad5a0_0, 0, 1;
    %load/vec4 v0x600c581ade20_0;
    %addi 1, 0, 32;
    %store/vec4 v0x600c581ade20_0, 0, 32;
    %jmp T_0.0;
T_0.1 ;
    %delay 20000, 0;
    %vpi_call 2 13 "$finish" {0 0 0};
    %end;
    .thread T_0;
    .scope S_0x600c58181ef0;
T_1 ;
    %vpi_call 2 16 "$monitor", $time, "h1=%b, h2=%b, h3=%b,h4=%b, h5=%b, h6=%b h7=%b, h8=%b, h9=%b,h10=%b, h11=%b ,z=%b", v0x600c581ad5a0_0, v0x600c581ad7d0_0, v0x600c581ad8a0_0, v0x600c581ad940_0, v0x600c581ada10_0, v0x600c581adae0_0, v0x600c581adbb0_0, v0x600c581adc80_0, v0x600c581add50_0, v0x600c581ad660_0, v0x600c581ad700_0, v0x600c581adec0_0 {0 0 0};
    %end;
    .thread T_1;
# The file index is used to find the file name in the following table.
:file_names 4;
    "N/A";
    "<interactive>";
    "mux8_1_tb.v";
    "mux8_1.v";
